(index):22 
            
            
           GET https://loendaja.eenet.ee/matomo.js net::ERR_BLOCKED_BY_CLIENT
(anonymous) @ (index):22
(anonymous) @ (index):23
cookieconsent-config.js:1 
            
            
           GET https://cdn.jsdelivr.net/gh/orestbida/cookieconsent@v3.0.0/dist/cookieconsent.umd.js net::ERR_BLOCKED_BY_CLIENT
scripts-P7UIB2BB.js:205 Uncaught TypeError: Cannot read properties of undefined (reading 'Internal')
    at scripts-P7UIB2BB.js:205:7202
(anonymous) @ scripts-P7UIB2BB.js:205
main-LPHMVLIB.js:14 WARNING: Tried to load AngularJS more than once.
content.js:1 [0s] ✨ Content script loaded - version 6
content.js:1 [0s] ✨ Initializing Õpetaja Assistent 2...
content.js:1 [0s] ✨ Loading features...
content.js:1 [0s] ✨ Added visual indicator (DEV)
content.js:1 [0s] ✨ Kriit support is enabled
content.js:1 [0s] ✨ Feature "journalListSync" created
content.js:1 [0s] ✨ Feature "journalListSync" created
content.js:1 [0s] ✨ Feature "warningTriangles" created
content.js:1 [0s] ✨ Feature "WarningTrianglesFeature" created
content.js:1 [0s] ✨ Feature "lessonDiscrepancies" created
content.js:1 [0s] ✨ Feature "LessonDiscrepanciesFeature" created
Denying load of <URL>. Resources must be listed in the web_accessible_resources manifest key in order to be loaded by pages outside the extension.
Denying load of <URL>. Resources must be listed in the web_accessible_resources manifest key in order to be loaded by pages outside the extension.
Denying load of <URL>. Resources must be listed in the web_accessible_resources manifest key in order to be loaded by pages outside the extension.
Denying load of <URL>. Resources must be listed in the web_accessible_resources manifest key in order to be loaded by pages outside the extension.
Denying load of <URL>. Resources must be listed in the web_accessible_resources manifest key in order to be loaded by pages outside the extension.
Denying load of <URL>. Resources must be listed in the web_accessible_resources manifest key in order to be loaded by pages outside the extension.
Denying load of <URL>. Resources must be listed in the web_accessible_resources manifest key in order to be loaded by pages outside the extension.
Denying load of <URL>. Resources must be listed in the web_accessible_resources manifest key in order to be loaded by pages outside the extension.
Denying load of <URL>. Resources must be listed in the web_accessible_resources manifest key in order to be loaded by pages outside the extension.
Denying load of <URL>. Resources must be listed in the web_accessible_resources manifest key in order to be loaded by pages outside the extension.
Denying load of <URL>. Resources must be listed in the web_accessible_resources manifest key in order to be loaded by pages outside the extension.
Denying load of <URL>. Resources must be listed in the web_accessible_resources manifest key in order to be loaded by pages outside the extension.
Denying load of <URL>. Resources must be listed in the web_accessible_resources manifest key in order to be loaded by pages outside the extension.
Denying load of <URL>. Resources must be listed in the web_accessible_resources manifest key in order to be loaded by pages outside the extension.
Denying load of <URL>. Resources must be listed in the web_accessible_resources manifest key in order to be loaded by pages outside the extension.
scripts-P7UIB2BB.js:14 hide-lt-lghas been deprecated. Please use a `hide-gt-<xxx>` variant.
(anonymous) @ scripts-P7UIB2BB.js:14
(anonymous) @ scripts-P7UIB2BB.js:112
wt @ scripts-P7UIB2BB.js:8
(anonymous) @ scripts-P7UIB2BB.js:8
R @ scripts-P7UIB2BB.js:6
(anonymous) @ scripts-P7UIB2BB.js:8
wt @ scripts-P7UIB2BB.js:8
(anonymous) @ scripts-P7UIB2BB.js:6
wt @ scripts-P7UIB2BB.js:8
(anonymous) @ scripts-P7UIB2BB.js:6
Ve @ scripts-P7UIB2BB.js:8
Bc @ scripts-P7UIB2BB.js:9
vs @ scripts-P7UIB2BB.js:9
sl @ scripts-P7UIB2BB.js:9
sl @ scripts-P7UIB2BB.js:9
sl @ scripts-P7UIB2BB.js:9
sl @ scripts-P7UIB2BB.js:9
Fi @ scripts-P7UIB2BB.js:9
(anonymous) @ scripts-P7UIB2BB.js:9
sn @ scripts-P7UIB2BB.js:9
Ku @ scripts-P7UIB2BB.js:9
(anonymous) @ scripts-P7UIB2BB.js:18
$digest @ scripts-P7UIB2BB.js:17
$apply @ scripts-P7UIB2BB.js:18
(anonymous) @ scripts-P7UIB2BB.js:6
wt @ scripts-P7UIB2BB.js:8
B @ scripts-P7UIB2BB.js:6
Xt @ scripts-P7UIB2BB.js:6
(anonymous) @ main-LPHMVLIB.js:72
invoke @ polyfills-SCHOHYNV.js:1
run @ polyfills-SCHOHYNV.js:1
(anonymous) @ polyfills-SCHOHYNV.js:2
invokeTask @ polyfills-SCHOHYNV.js:1
runTask @ polyfills-SCHOHYNV.js:1
J @ polyfills-SCHOHYNV.js:1
Promise.then
x @ polyfills-SCHOHYNV.js:1
U @ polyfills-SCHOHYNV.js:1
scheduleTask @ polyfills-SCHOHYNV.js:1
scheduleTask @ polyfills-SCHOHYNV.js:1
scheduleMicroTask @ polyfills-SCHOHYNV.js:1
s @ polyfills-SCHOHYNV.js:2
Y @ polyfills-SCHOHYNV.js:1
(anonymous) @ polyfills-SCHOHYNV.js:1
(anonymous) @ polyfills-SCHOHYNV.js:1
Promise.then
(anonymous) @ polyfills-SCHOHYNV.js:2
M @ polyfills-SCHOHYNV.js:2
h.then @ polyfills-SCHOHYNV.js:2
Y @ polyfills-SCHOHYNV.js:1
(anonymous) @ polyfills-SCHOHYNV.js:2
invokeTask @ polyfills-SCHOHYNV.js:1
runTask @ polyfills-SCHOHYNV.js:1
J @ polyfills-SCHOHYNV.js:1
Promise.then
x @ polyfills-SCHOHYNV.js:1
U @ polyfills-SCHOHYNV.js:1
scheduleTask @ polyfills-SCHOHYNV.js:1
scheduleTask @ polyfills-SCHOHYNV.js:1
scheduleMicroTask @ polyfills-SCHOHYNV.js:1
s @ polyfills-SCHOHYNV.js:2
Y @ polyfills-SCHOHYNV.js:1
(anonymous) @ polyfills-SCHOHYNV.js:1
(anonymous) @ polyfills-SCHOHYNV.js:1
Promise.then
(anonymous) @ polyfills-SCHOHYNV.js:2
M @ polyfills-SCHOHYNV.js:2
h.then @ polyfills-SCHOHYNV.js:2
(anonymous) @ main-LPHMVLIB.js:72
scripts-P7UIB2BB.js:14 hide-lt-mdhas been deprecated. Please use a `hide-gt-<xxx>` variant.
(anonymous) @ scripts-P7UIB2BB.js:14
(anonymous) @ scripts-P7UIB2BB.js:112
wt @ scripts-P7UIB2BB.js:8
(anonymous) @ scripts-P7UIB2BB.js:8
R @ scripts-P7UIB2BB.js:6
(anonymous) @ scripts-P7UIB2BB.js:8
wt @ scripts-P7UIB2BB.js:8
(anonymous) @ scripts-P7UIB2BB.js:6
wt @ scripts-P7UIB2BB.js:8
(anonymous) @ scripts-P7UIB2BB.js:6
Ve @ scripts-P7UIB2BB.js:8
Bc @ scripts-P7UIB2BB.js:9
vs @ scripts-P7UIB2BB.js:9
sl @ scripts-P7UIB2BB.js:9
sl @ scripts-P7UIB2BB.js:9
sl @ scripts-P7UIB2BB.js:9
sl @ scripts-P7UIB2BB.js:9
Fi @ scripts-P7UIB2BB.js:9
(anonymous) @ scripts-P7UIB2BB.js:9
sn @ scripts-P7UIB2BB.js:9
Ku @ scripts-P7UIB2BB.js:9
(anonymous) @ scripts-P7UIB2BB.js:18
$digest @ scripts-P7UIB2BB.js:17
$apply @ scripts-P7UIB2BB.js:18
(anonymous) @ scripts-P7UIB2BB.js:6
wt @ scripts-P7UIB2BB.js:8
B @ scripts-P7UIB2BB.js:6
Xt @ scripts-P7UIB2BB.js:6
(anonymous) @ main-LPHMVLIB.js:72
invoke @ polyfills-SCHOHYNV.js:1
run @ polyfills-SCHOHYNV.js:1
(anonymous) @ polyfills-SCHOHYNV.js:2
invokeTask @ polyfills-SCHOHYNV.js:1
runTask @ polyfills-SCHOHYNV.js:1
J @ polyfills-SCHOHYNV.js:1
Promise.then
x @ polyfills-SCHOHYNV.js:1
U @ polyfills-SCHOHYNV.js:1
scheduleTask @ polyfills-SCHOHYNV.js:1
scheduleTask @ polyfills-SCHOHYNV.js:1
scheduleMicroTask @ polyfills-SCHOHYNV.js:1
s @ polyfills-SCHOHYNV.js:2
Y @ polyfills-SCHOHYNV.js:1
(anonymous) @ polyfills-SCHOHYNV.js:1
(anonymous) @ polyfills-SCHOHYNV.js:1
Promise.then
(anonymous) @ polyfills-SCHOHYNV.js:2
M @ polyfills-SCHOHYNV.js:2
h.then @ polyfills-SCHOHYNV.js:2
Y @ polyfills-SCHOHYNV.js:1
(anonymous) @ polyfills-SCHOHYNV.js:2
invokeTask @ polyfills-SCHOHYNV.js:1
runTask @ polyfills-SCHOHYNV.js:1
J @ polyfills-SCHOHYNV.js:1
Promise.then
x @ polyfills-SCHOHYNV.js:1
U @ polyfills-SCHOHYNV.js:1
scheduleTask @ polyfills-SCHOHYNV.js:1
scheduleTask @ polyfills-SCHOHYNV.js:1
scheduleMicroTask @ polyfills-SCHOHYNV.js:1
s @ polyfills-SCHOHYNV.js:2
Y @ polyfills-SCHOHYNV.js:1
(anonymous) @ polyfills-SCHOHYNV.js:1
(anonymous) @ polyfills-SCHOHYNV.js:1
Promise.then
(anonymous) @ polyfills-SCHOHYNV.js:2
M @ polyfills-SCHOHYNV.js:2
h.then @ polyfills-SCHOHYNV.js:2
(anonymous) @ main-LPHMVLIB.js:72
content.js:177 
            
            
           GET chrome-extension://invalid/ net::ERR_FAILED
kQ @ content.js:177
await in kQ
init @ content.js:177
(anonymous) @ content.js:183
content.js:1 [0s] ✨ Error loading TrianglesDebugFeature: TypeError: Failed to fetch dynamically imported module: chrome-extension://gcihddkedhfmlgcpoikmnjiaagafcddk/features/triangles/TrianglesDebugFeature.js
content.js:1 [0s] ✨ Loaded feature: journalListSync
content.js:1 [0s] ✨ Loaded feature: WarningTrianglesFeature
content.js:1 [0s] ✨ Loaded feature: LessonDiscrepanciesFeature
content.js:1 [0s] ✨ Loaded 3 feature(s)
content.js:1 [0s] ✨ Loaded 3 features dynamically
content.js:1 [0s] ✨ Navigation detected: https://tahvel.edu.ee/#/journal/348988/edit
content.js:1 [0s] ✨ [LessonDiscrepanciesFeature] Activating feature
content.js:1 [0s] ✨ [LessonDiscrepanciesFeature] Activating feature
content.js:1 [0s] ✨ [LessonDiscrepanciesFeature] Activating lesson discrepancies feature
content.js:1 [0s] ✨ Initialization complete
main-LPHMVLIB.js:18 33
main-LPHMVLIB.js:18 false
content.js:1 [2s] ✨ [LessonDiscrepanciesFeature] Creating lesson discrepancies table for journal 348988
content.js:1 [2s] ✨ [tahvel] GET https://tahvel.edu.ee/hois_back/journals/348988
content.js:1 [2s] ✨ Using cached data for GET_https://tahvel.edu.ee/hois_back/journals/348988 (2 minutes old)
content.js:1 [2s] ✨ [tahvel] Cache decision for /journals/348988/journalEntriesByDate: cache=true, forceRefresh=false
content.js:1 [2s] ✨ [tahvel] GET https://tahvel.edu.ee/hois_back/journals/348988/journalEntriesByDate?allStudents=false
content.js:1 [2s] ✨ Using cached journal entries for journal 348988 (2 minutes old)
content.js:1 [2s] ✨ [LessonDiscrepanciesFeature] Fetching timetable data from: /timetableevents/timetableByTeacher/9?from=2024-07-29T00:00:00Z&lang=ET&teachers=18737&thru=2025-08-31T00:00:00Z
content.js:1 [2s] ✨ [tahvel] GET https://tahvel.edu.ee/hois_back/timetableevents/timetableByTeacher/9?from=2024-07-29T00:00:00Z&lang=ET&teachers=18737&thru=2025-08-31T00:00:00Z
content.js:1 [2s] ✨ Using cached data for GET_https://tahvel.edu.ee/hois_back/timetableevents/timetableByTeacher/9?from=2024-07-29T00:00:00Z&lang=ET&teachers=18737&thru=2025-08-31T00:00:00Z (2 minutes old)
content.js:1 [2s] ✨ [LessonDiscrepanciesFeature] Found 20 timetable events for journal 348988
content.js:142 
            
            
           GET chrome-extension://invalid/ net::ERR_FAILED
fetchLessonTimes @ content.js:142
calculateLessonNumber @ content.js:142
findLessonDiscrepancies @ content.js:142
createLessonDiscrepanciesTable @ content.js:142
await in createLessonDiscrepanciesTable
(anonymous) @ content.js:142
setTimeout
activate @ content.js:142
(anonymous) @ content.js:183
handleNavigation @ content.js:183
init @ content.js:177
await in init
(anonymous) @ content.js:183
content.js:1 [2s] ✨ [LessonDiscrepanciesFeature] Error loading lesson times: Failed to fetch
content.js:142 
            
            
           GET chrome-extension://invalid/ net::ERR_FAILED
fetchLessonTimes @ content.js:142
calculateLessonNumber @ content.js:142
findLessonDiscrepancies @ content.js:142
await in findLessonDiscrepancies
createLessonDiscrepanciesTable @ content.js:142
await in createLessonDiscrepanciesTable
(anonymous) @ content.js:142
setTimeout
activate @ content.js:142
(anonymous) @ content.js:183
handleNavigation @ content.js:183
init @ content.js:177
await in init
(anonymous) @ content.js:183
content.js:1 [2s] ✨ [LessonDiscrepanciesFeature] Error loading lesson times: Failed to fetch
content.js:142 
            
            
           GET chrome-extension://invalid/ net::ERR_FAILED
fetchLessonTimes @ content.js:142
calculateLessonNumber @ content.js:142
findLessonDiscrepancies @ content.js:142
await in findLessonDiscrepancies
createLessonDiscrepanciesTable @ content.js:142
await in createLessonDiscrepanciesTable
(anonymous) @ content.js:142
setTimeout
activate @ content.js:142
(anonymous) @ content.js:183
handleNavigation @ content.js:183
init @ content.js:177
await in init
(anonymous) @ content.js:183
content.js:1 [2s] ✨ [LessonDiscrepanciesFeature] Error loading lesson times: Failed to fetch
content.js:142 
            
            
           GET chrome-extension://invalid/ net::ERR_FAILED
fetchLessonTimes @ content.js:142
calculateLessonNumber @ content.js:142
findLessonDiscrepancies @ content.js:142
await in findLessonDiscrepancies
createLessonDiscrepanciesTable @ content.js:142
await in createLessonDiscrepanciesTable
(anonymous) @ content.js:142
setTimeout
activate @ content.js:142
(anonymous) @ content.js:183
handleNavigation @ content.js:183
init @ content.js:177
await in init
(anonymous) @ content.js:183
content.js:1 [2s] ✨ [LessonDiscrepanciesFeature] Error loading lesson times: Failed to fetch
content.js:142 
            
            
           GET chrome-extension://invalid/ net::ERR_FAILED
fetchLessonTimes @ content.js:142
calculateLessonNumber @ content.js:142
findLessonDiscrepancies @ content.js:142
await in findLessonDiscrepancies
createLessonDiscrepanciesTable @ content.js:142
await in createLessonDiscrepanciesTable
(anonymous) @ content.js:142
setTimeout
activate @ content.js:142
(anonymous) @ content.js:183
handleNavigation @ content.js:183
init @ content.js:177
await in init
(anonymous) @ content.js:183
content.js:1 [2s] ✨ [LessonDiscrepanciesFeature] Error loading lesson times: Failed to fetch
content.js:142 
            
            
           GET chrome-extension://invalid/ net::ERR_FAILED
fetchLessonTimes @ content.js:142
calculateLessonNumber @ content.js:142
findLessonDiscrepancies @ content.js:142
await in findLessonDiscrepancies
createLessonDiscrepanciesTable @ content.js:142
await in createLessonDiscrepanciesTable
(anonymous) @ content.js:142
setTimeout
activate @ content.js:142
(anonymous) @ content.js:183
handleNavigation @ content.js:183
init @ content.js:177
await in init
(anonymous) @ content.js:183
content.js:1 [2s] ✨ [LessonDiscrepanciesFeature] Error loading lesson times: Failed to fetch
content.js:142 
            
            
           GET chrome-extension://invalid/ net::ERR_FAILED
fetchLessonTimes @ content.js:142
calculateLessonNumber @ content.js:142
findLessonDiscrepancies @ content.js:142
await in findLessonDiscrepancies
createLessonDiscrepanciesTable @ content.js:142
await in createLessonDiscrepanciesTable
(anonymous) @ content.js:142
setTimeout
activate @ content.js:142
(anonymous) @ content.js:183
handleNavigation @ content.js:183
init @ content.js:177
await in init
(anonymous) @ content.js:183
content.js:1 [2s] ✨ [LessonDiscrepanciesFeature] Error loading lesson times: Failed to fetch
content.js:142 
            
            
           GET chrome-extension://invalid/ net::ERR_FAILED
fetchLessonTimes @ content.js:142
calculateLessonNumber @ content.js:142
findLessonDiscrepancies @ content.js:142
await in findLessonDiscrepancies
createLessonDiscrepanciesTable @ content.js:142
await in createLessonDiscrepanciesTable
(anonymous) @ content.js:142
setTimeout
activate @ content.js:142
(anonymous) @ content.js:183
handleNavigation @ content.js:183
init @ content.js:177
await in init
(anonymous) @ content.js:183
content.js:1 [2s] ✨ [LessonDiscrepanciesFeature] Error loading lesson times: Failed to fetch
content.js:142 
            
            
           GET chrome-extension://invalid/ net::ERR_FAILED
fetchLessonTimes @ content.js:142
calculateLessonNumber @ content.js:142
findLessonDiscrepancies @ content.js:142
await in findLessonDiscrepancies
createLessonDiscrepanciesTable @ content.js:142
await in createLessonDiscrepanciesTable
(anonymous) @ content.js:142
setTimeout
activate @ content.js:142
(anonymous) @ content.js:183
handleNavigation @ content.js:183
init @ content.js:177
await in init
(anonymous) @ content.js:183
content.js:1 [2s] ✨ [LessonDiscrepanciesFeature] Error loading lesson times: Failed to fetch
content.js:142 
            
            
           GET chrome-extension://invalid/ net::ERR_FAILED
fetchLessonTimes @ content.js:142
calculateLessonNumber @ content.js:142
findLessonDiscrepancies @ content.js:142
await in findLessonDiscrepancies
createLessonDiscrepanciesTable @ content.js:142
await in createLessonDiscrepanciesTable
(anonymous) @ content.js:142
setTimeout
activate @ content.js:142
(anonymous) @ content.js:183
handleNavigation @ content.js:183
init @ content.js:177
await in init
(anonymous) @ content.js:183
content.js:1 [2s] ✨ [LessonDiscrepanciesFeature] Error loading lesson times: Failed to fetch
content.js:142 
            
            
           GET chrome-extension://invalid/ net::ERR_FAILED
fetchLessonTimes @ content.js:142
calculateLessonNumber @ content.js:142
findLessonDiscrepancies @ content.js:142
await in findLessonDiscrepancies
createLessonDiscrepanciesTable @ content.js:142
await in createLessonDiscrepanciesTable
(anonymous) @ content.js:142
setTimeout
activate @ content.js:142
(anonymous) @ content.js:183
handleNavigation @ content.js:183
init @ content.js:177
await in init
(anonymous) @ content.js:183
content.js:1 [2s] ✨ [LessonDiscrepanciesFeature] Error loading lesson times: Failed to fetch
content.js:142 
            
            
           GET chrome-extension://invalid/ net::ERR_FAILED
fetchLessonTimes @ content.js:142
calculateLessonNumber @ content.js:142
findLessonDiscrepancies @ content.js:142
await in findLessonDiscrepancies
createLessonDiscrepanciesTable @ content.js:142
await in createLessonDiscrepanciesTable
(anonymous) @ content.js:142
setTimeout
activate @ content.js:142
(anonymous) @ content.js:183
handleNavigation @ content.js:183
init @ content.js:177
await in init
(anonymous) @ content.js:183
content.js:1 [2s] ✨ [LessonDiscrepanciesFeature] Error loading lesson times: Failed to fetch
content.js:142 
            
            
           GET chrome-extension://invalid/ net::ERR_FAILED
fetchLessonTimes @ content.js:142
calculateLessonNumber @ content.js:142
findLessonDiscrepancies @ content.js:142
await in findLessonDiscrepancies
createLessonDiscrepanciesTable @ content.js:142
await in createLessonDiscrepanciesTable
(anonymous) @ content.js:142
setTimeout
activate @ content.js:142
(anonymous) @ content.js:183
handleNavigation @ content.js:183
init @ content.js:177
await in init
(anonymous) @ content.js:183
content.js:1 [2s] ✨ [LessonDiscrepanciesFeature] Error loading lesson times: Failed to fetch
content.js:142 
            
            
           GET chrome-extension://invalid/ net::ERR_FAILED
fetchLessonTimes @ content.js:142
calculateLessonNumber @ content.js:142
findLessonDiscrepancies @ content.js:142
await in findLessonDiscrepancies
createLessonDiscrepanciesTable @ content.js:142
await in createLessonDiscrepanciesTable
(anonymous) @ content.js:142
setTimeout
activate @ content.js:142
(anonymous) @ content.js:183
handleNavigation @ content.js:183
init @ content.js:177
await in init
(anonymous) @ content.js:183
content.js:1 [2s] ✨ [LessonDiscrepanciesFeature] Error loading lesson times: Failed to fetch
content.js:1 Source:
c @ content.js:1
gQ @ content.js:1
fetchLessonTimes @ content.js:142
await in fetchLessonTimes
calculateLessonNumber @ content.js:142
findLessonDiscrepancies @ content.js:142
await in findLessonDiscrepancies
createLessonDiscrepanciesTable @ content.js:142
await in createLessonDiscrepanciesTable
(anonymous) @ content.js:142
setTimeout
activate @ content.js:142
(anonymous) @ content.js:183
handleNavigation @ content.js:183
init @ content.js:177
await in init
(anonymous) @ content.js:183
content.js:1 [2s] ✨ [LessonDiscrepanciesFeature] Found insertion point: md-content .layout-padding
content.js:1 [2s] ✨ [LessonDiscrepanciesFeature] Discrepancies table inserted into page
content.js:1 [2s] ✨ [LessonDiscrepanciesFeature] Lesson discrepancies table created with 14 discrepancies
